Copyright 1986-2022 Xilinx, Inc. All Rights Reserved. Copyright 2022-2023 Advanced Micro Devices, Inc. All Rights Reserved.
---------------------------------------------------------------------------------------------------------------------------------------------
| Tool Version : Vivado v.2023.2 (win64) Build 4029153 Fri Oct 13 20:14:34 MDT 2023
| Date         : Mon Jun 10 16:32:22 2024
| Host         : yqgg running 64-bit major release  (build 9200)
| Command      : report_control_sets -verbose -file top_control_sets_placed.rpt
| Design       : top
| Device       : xc7k160t
---------------------------------------------------------------------------------------------------------------------------------------------

Control Set Information

Table of Contents
-----------------
1. Summary
2. Histogram
3. Flip-Flop Distribution
4. Detailed Control Set Information

1. Summary
----------

+----------------------------------------------------------+-------+
|                          Status                          | Count |
+----------------------------------------------------------+-------+
| Total control sets                                       |    36 |
|    Minimum number of control sets                        |    36 |
|    Addition due to synthesis replication                 |     0 |
|    Addition due to physical synthesis replication        |     0 |
| Unused register locations in slices containing registers |   180 |
+----------------------------------------------------------+-------+
* Control sets can be merged at opt_design using control_set_merge or merge_equivalent_drivers
** Run report_qor_suggestions for automated merging and remapping suggestions


2. Histogram
------------

+--------------------+-------+
|       Fanout       | Count |
+--------------------+-------+
| Total control sets |    36 |
| >= 0 to < 4        |     0 |
| >= 4 to < 6        |     0 |
| >= 6 to < 8        |     0 |
| >= 8 to < 10       |     0 |
| >= 10 to < 12      |    23 |
| >= 12 to < 14      |     1 |
| >= 14 to < 16      |     0 |
| >= 16              |    12 |
+--------------------+-------+
* Control sets can be remapped at either synth_design or opt_design


3. Flip-Flop Distribution
-------------------------

+--------------+-----------------------+------------------------+-----------------+--------------+
| Clock Enable | Synchronous Set/Reset | Asynchronous Set/Reset | Total Registers | Total Slices |
+--------------+-----------------------+------------------------+-----------------+--------------+
| No           | No                    | No                     |             166 |           57 |
| No           | No                    | Yes                    |               0 |            0 |
| No           | Yes                   | No                     |             138 |           41 |
| Yes          | No                    | No                     |             810 |          638 |
| Yes          | No                    | Yes                    |               0 |            0 |
| Yes          | Yes                   | No                     |             410 |          214 |
+--------------+-----------------------+------------------------+-----------------+--------------+


4. Detailed Control Set Information
-----------------------------------

+----------------------+---------------------+-------------------------------+------------------+----------------+--------------+
|     Clock Signal     |    Enable Signal    |        Set/Reset Signal       | Slice Load Count | Bel Load Count | Bels / Slice |
+----------------------+---------------------+-------------------------------+------------------+----------------+--------------+
|  clk_IBUF_BUFG       | occupy[189]_i_1_n_0 | position[199]_i_1_n_0         |                5 |             10 |         2.00 |
|  clk_IBUF_BUFG       | occupy[29]_i_1_n_0  | position[199]_i_1_n_0         |                4 |             10 |         2.50 |
|  clk_IBUF_BUFG       | occupy[129]_i_1_n_0 | position[199]_i_1_n_0         |                6 |             10 |         1.67 |
|  clk_IBUF_BUFG       | occupy[109]_i_1_n_0 | position[199]_i_1_n_0         |                4 |             10 |         2.50 |
|  clk_IBUF_BUFG       | occupy[119]_i_1_n_0 | position[199]_i_1_n_0         |                5 |             10 |         2.00 |
|  clk_IBUF_BUFG       | occupy[149]_i_1_n_0 | position[199]_i_1_n_0         |                5 |             10 |         2.00 |
|  clk_IBUF_BUFG       | occupy[169]_i_1_n_0 | position[199]_i_1_n_0         |                6 |             10 |         1.67 |
|  clk_IBUF_BUFG       | occupy[179]_i_1_n_0 | position[199]_i_1_n_0         |                4 |             10 |         2.50 |
|  clk_IBUF_BUFG       | occupy[139]_i_1_n_0 | position[199]_i_1_n_0         |                5 |             10 |         2.00 |
|  clk_IBUF_BUFG       | occupy[159]_i_1_n_0 | position[199]_i_1_n_0         |                4 |             10 |         2.50 |
|  clk_IBUF_BUFG       | occupy[199]_i_1_n_0 | position[199]_i_1_n_0         |                5 |             10 |         2.00 |
|  clk_IBUF_BUFG       | occupy[49]_i_1_n_0  | position[199]_i_1_n_0         |                7 |             10 |         1.43 |
|  clk_IBUF_BUFG       | occupy[19]_i_1_n_0  | position[199]_i_1_n_0         |                4 |             10 |         2.50 |
|  clk_IBUF_BUFG       | occupy[39]_i_1_n_0  | position[199]_i_1_n_0         |                4 |             10 |         2.50 |
|  clk_IBUF_BUFG       | occupy[69]_i_1_n_0  | position[199]_i_1_n_0         |                5 |             10 |         2.00 |
|  clk_IBUF_BUFG       | occupy[79]_i_1_n_0  | position[199]_i_1_n_0         |                5 |             10 |         2.00 |
|  clk_IBUF_BUFG       | occupy[89]_i_1_n_0  | position[199]_i_1_n_0         |                6 |             10 |         1.67 |
|  clk_IBUF_BUFG       | occupy[59]_i_1_n_0  | position[199]_i_1_n_0         |                4 |             10 |         2.50 |
|  clk_IBUF_BUFG       | occupy[9]_i_1_n_0   | position[199]_i_1_n_0         |                2 |             10 |         5.00 |
|  clk_IBUF_BUFG       | score[9]_i_2_n_0    | JudgeImg/pre_lose0            |                2 |             10 |         5.00 |
|  clk_IBUF_BUFG       | occupy[99]_i_1_n_0  | position[199]_i_1_n_0         |                3 |             10 |         3.33 |
|  clk_div_reg_BUFG[1] |                     | v0/v_count                    |                3 |             10 |         3.33 |
|  clk_div_reg_BUFG[1] | v0/v_count          |                               |                3 |             10 |         3.33 |
|  clk_div_reg_BUFG[1] |                     | v0/rdn_reg_n_0                |                6 |             12 |         2.00 |
|  clk_IBUF_BUFG       |                     | buzzing/counter[5][0]_i_1_n_0 |                4 |             16 |         4.00 |
|  clk_IBUF_BUFG       |                     | buzzing/counter[6][0]_i_1_n_0 |                4 |             16 |         4.00 |
|  clk_IBUF_BUFG       |                     | buzzing/counter[4][0]_i_1_n_0 |                4 |             16 |         4.00 |
|  clk_IBUF_BUFG       |                     | buzzing/counter[2][0]_i_1_n_0 |                5 |             17 |         3.40 |
|  clk_IBUF_BUFG       |                     | buzzing/counter[1][0]_i_1_n_0 |                5 |             17 |         3.40 |
|  clk_IBUF_BUFG       |                     | buzzing/counter[3][0]_i_1_n_0 |                5 |             17 |         3.40 |
|  clk_IBUF_BUFG       |                     | buzzing/counter[0][0]_i_1_n_0 |                5 |             17 |         3.40 |
|  buzzing/p_0_in__0   |                     |                               |                6 |             18 |         3.00 |
|  clk_div_reg_BUFG[1] |                     |                               |               10 |             22 |         2.20 |
|  clk_IBUF_BUFG       |                     |                               |               44 |            141 |         3.20 |
|  clk_IBUF_BUFG       | nolabel_line96/E[0] | position[199]_i_1_n_0         |              119 |            200 |         1.68 |
|  clk_IBUF_BUFG       | JudgeImg/E[0]       |                               |              635 |            800 |         1.26 |
+----------------------+---------------------+-------------------------------+------------------+----------------+--------------+


