#-----------------------------------------------------------
# Vivado v2023.2.2 (64-bit)
# SW Build 4126759 on Thu Feb  8 23:53:51 MST 2024
# IP Build 4126054 on Fri Feb  9 11:39:09 MST 2024
# SharedData Build 4115275 on Tue Jan 30 00:40:57 MST 2024
# Start of session at: Sat Jun 15 20:20:19 2024
# Process ID: 30280
# Current directory: E:/github/zju/LogicAndComputerFundermental/final_project/final_tetris/final_test4/final_test.runs/purple_synth_1
# Command line: vivado.exe -log purple.vds -product Vivado -mode batch -messageDb vivado.pb -notrace -source purple.tcl
# Log file: E:/github/zju/LogicAndComputerFundermental/final_project/final_tetris/final_test4/final_test.runs/purple_synth_1/purple.vds
# Journal file: E:/github/zju/LogicAndComputerFundermental/final_project/final_tetris/final_test4/final_test.runs/purple_synth_1\vivado.jou
# Running On: maple, OS: Windows, CPU Frequency: 2995 MHz, CPU Physical cores: 14, Host memory: 33968 MB
#-----------------------------------------------------------
source purple.tcl -notrace
