#-----------------------------------------------------------
# Vivado v2023.2 (64-bit)
# SW Build 4029153 on Fri Oct 13 20:14:34 MDT 2023
# IP Build 4028589 on Sat Oct 14 00:45:43 MDT 2023
# SharedData Build 4025554 on Tue Oct 10 17:18:54 MDT 2023
# Start of session at: Tue Jun 11 18:13:31 2024
# Process ID: 14412
# Current directory: D:/vivado_projects/final_test3
# Command line: vivado.exe -gui_launcher_event rodinguilauncherevent5988 D:\vivado_projects\final_test3\final_test.xpr
# Log file: D:/vivado_projects/final_test3/vivado.log
# Journal file: D:/vivado_projects/final_test3\vivado.jou
# Running On: yqgg, OS: Windows, CPU Frequency: 3793 MHz, CPU Physical cores: 16, Host memory: 33492 MB
#-----------------------------------------------------------
start_gui
open_project D:/vivado_projects/final_test3/final_test.xpr
update_compile_order -fileset sources_1
reset_run synth_1
launch_runs synth_1 -jobs 8
wait_on_run synth_1
add_files -fileset constrs_1 -norecurse D:/vivado_projects/final_test3/sources/constraints.xdc
export_ip_user_files -of_objects  [get_files D:/vivado_projects/final_test3/constraints.xdc] -no_script -reset -force -quiet
remove_files  -fileset constrs_1 D:/vivado_projects/final_test3/constraints.xdc
reset_run synth_1
launch_runs synth_1 -jobs 8
wait_on_run synth_1
launch_runs impl_1 -to_step write_bitstream -jobs 8
wait_on_run impl_1
open_hw_manager
connect_hw_server -allow_non_jtag
open_hw_target
set_property PROGRAM.FILE {D:/vivado_projects/final_test3/final_test.runs/impl_1/top.bit} [get_hw_devices xc7k160t_0]
current_hw_device [get_hw_devices xc7k160t_0]
refresh_hw_device -update_hw_probes false [lindex [get_hw_devices xc7k160t_0] 0]
set_property PROBES.FILE {} [get_hw_devices xc7k160t_0]
set_property FULL_PROBES.FILE {} [get_hw_devices xc7k160t_0]
set_property PROGRAM.FILE {D:/vivado_projects/final_test3/final_test.runs/impl_1/top.bit} [get_hw_devices xc7k160t_0]
program_hw_devices [get_hw_devices xc7k160t_0]
refresh_hw_device [lindex [get_hw_devices xc7k160t_0] 0]
reset_run synth_1
launch_runs synth_1 -jobs 8
wait_on_run synth_1
launch_runs impl_1 -to_step write_bitstream -jobs 8
wait_on_run impl_1
set_property PROBES.FILE {} [get_hw_devices xc7k160t_0]
set_property FULL_PROBES.FILE {} [get_hw_devices xc7k160t_0]
set_property PROGRAM.FILE {D:/vivado_projects/final_test3/final_test.runs/impl_1/top.bit} [get_hw_devices xc7k160t_0]
program_hw_devices [get_hw_devices xc7k160t_0]
refresh_hw_device [lindex [get_hw_devices xc7k160t_0] 0]
